[INFO] Scanning for projects...
[INFO] 
[INFO] --------------------------< com:scbr-backend >--------------------------
[INFO] Building scbr-backend 0.0.1-SNAPSHOT
[INFO]   from pom.xml
[INFO] --------------------------------[ jar ]---------------------------------
[INFO] 
[INFO] --- resources:3.3.1:resources (default-resources) @ scbr-backend ---
[INFO] Copying 1 resource from src\main\resources to target\classes
[INFO] Copying 2 resources from src\main\resources to target\classes
[INFO] 
[INFO] --- compiler:3.14.1:compile (default-compile) @ scbr-backend ---
[INFO] Nothing to compile - all classes are up to date.
[INFO] 
[INFO] --- resources:3.3.1:testResources (default-testResources) @ scbr-backend ---
[INFO] skip non existing resourceDirectory H:\code\scbr-backend\src\test\resources
[INFO] 
[INFO] --- compiler:3.14.1:testCompile (default-testCompile) @ scbr-backend ---
[INFO] Nothing to compile - all classes are up to date.
[INFO] 
[INFO] --- surefire:3.5.4:test (default-test) @ scbr-backend ---
[INFO] Using auto detected provider org.apache.maven.surefire.junitplatform.JUnitPlatformProvider
[INFO] 
[INFO] -------------------------------------------------------
[INFO]  T E S T S
[INFO] -------------------------------------------------------
[INFO] Running com.scbrbackend.ScbrBackendApplicationTests
15:57:31.160 [main] INFO org.springframework.test.context.support.AnnotationConfigContextLoaderUtils -- Could not detect default configuration classes for test class [com.scbrbackend.ScbrBackendApplicationTests]: ScbrBackendApplicationTests does not declare any static, non-private, non-final, nested classes annotated with @Configuration.
15:57:31.294 [main] INFO org.springframework.boot.test.context.SpringBootTestContextBootstrapper -- Found @SpringBootConfiguration com.scbrbackend.ScbrBackendApplication for test class com.scbrbackend.ScbrBackendApplicationTests

  .   ____          _            __ _ _
 /\\ / ___'_ __ _ _(_)_ __  __ _ \ \ \ \
( ( )\___ | '_ | '_| | '_ \/ _` | \ \ \ \
 \\/  ___)| |_)| | | | | || (_| |  ) ) ) )
  '  |____| .__|_| |_|_| |_\__, | / / / /
 =========|_|==============|___/=/_/_/_/

 :: Spring Boot ::               (v3.5.11)

2026-03-07T15:57:31.867+08:00  INFO 13968 --- [           main] c.s.ScbrBackendApplicationTests          : Starting ScbrBackendApplicationTests using Java 17.0.12 with PID 13968 (started by zxcvb in H:\code\scbr-backend)
2026-03-07T15:57:31.868+08:00  INFO 13968 --- [           main] c.s.ScbrBackendApplicationTests          : No active profile set, falling back to 1 default profile: "default"
 _ _   |_  _ _|_. ___ _ |    _ 
| | |\/|_)(_| | |_\  |_)||_|_\ 
     /               |         
                        3.5.5 
2026-03-07T15:57:33.652+08:00  INFO 13968 --- [           main] c.scbrbackend.config.OssConfiguration    : 开始创建阿里云文件上传对象，AliOssProperties(endpoint=oss-cn-hangzhou.aliyuncs.com, accessKeyId=LTAI5tJXudqNVWH7TQmRUiw9, accessKeySecret=p8clIZ83NPdKVfKOnVWuR5FHXgT7k4, bucketName=aquarius01)
2026-03-07T15:57:35.179+08:00  INFO 13968 --- [           main] c.s.ScbrBackendApplicationTests          : Started ScbrBackendApplicationTests in 3.67 seconds (process running for 4.726)
mvn : Java HotSpot(TM)
 64-Bit Server VM warn
ing: Sharing is only s
upported for boot load
er classes because boo
tstrap classpath has b
een appended
所在位置 行:1 字符: 1
+ mvn test -Dtest=Scbr
BackendApplicationTest
s > test_output.txt 2>
&1
+ ~~~~~~~~~~~~~~~~~~~~
~~~~~~~~~~~~~~~~~~~~~~
~~~~~~~~~~~~~~~~~~~~~~
~~
    + CategoryInfo    
          : NotSpecifi
ed: (J    ava HotSpot(
TM...s be    en append
ed:String) [    ], Rem
oteException
    + FullyQualifiedEr
ror    Id : NativeComm
andErr    or
 
检测成功！返回结果：{"status":"success","data":"next "}
[INFO] Tests run: 1, Failures: 0, Errors: 0, Skipped: 0, Time elapsed: 5.640 s -- in com.scbrbackend.ScbrBackendApplicationTests
[INFO] 
[INFO] Results:
[INFO] 
[INFO] Tests run: 1, Failures: 0, Errors: 0, Skipped: 0
[INFO] 
[INFO] ------------------------------------------------------------------------
[INFO] BUILD SUCCESS
[INFO] ------------------------------------------------------------------------
[INFO] Total time:  8.831 s
[INFO] Finished at: 2026-03-07T15:57:37+08:00
[INFO] ------------------------------------------------------------------------
